// Jest Snapshot v1, https://goo.gl/fbAQLP

exports[`matches snapshot 1`] = `
<DocumentFragment>
  <div
    class="MuiPaper-root MuiPaper-elevation MuiPaper-rounded MuiPaper-elevation8 css-180j490-MuiPaper-root"
  >
    <p>
      Hmmm...our komodo dragon seems to have eaten your access code.
    </p>
    <img
      alt="komodo dragon"
      src="komododragon.jpg"
      width="80px"
    />
    <p>
      Please try to 
      <a
        class=""
        href="/parent"
      >
        register
      </a>
       again.
    </p>
  </div>
</DocumentFragment>
`;
